
> json-frontend@0.1.0 test
> jest

node.exe : PASS src/lib/__tests__/api.test.ts
At line:1 char:1
+ & "C:\Program Files\nodejs/node.exe" "C:\Users\ERIK WILBERT\AppData\R ...
+ ~~~~~~~~~~~~~~~~~~~~~~~~~~~~~~~~~~~~~~~~~~~~~~~~~~~~~~~~~~~~~~~~~~~~~
    + CategoryInfo          : NotSpecified: (PASS src/lib/__tests__/api.test.ts:String) [], RemoteException
    + FullyQualifiedErrorId : NativeCommandError
 
PASS src/app/__tests__/middleware.test.ts
FAIL src/app/dashboard/transactions/__tests__/page.test.tsx
  ΓùÅ Transactions Page ΓÇ║ renders correctly

    Element type is invalid: expected a string (for built-in components) or a class/function (for composite 
components) but got: undefined. You likely forgot to export your component from the file it's defined in, or you might 
have mixed up default and named imports.

    Check the render method of `TransactionsClient`.

    [0m [90m 4 |[39m describe([32m'Transactions Page'[39m[33m,[39m () [33m=>[39m {
     [90m 5 |[39m   it([32m'renders correctly'[39m[33m,[39m () [33m=>[39m {
    [31m[1m>[22m[39m[90m 6 |[39m     render([33m<[39m[33mPage[39m [33m/[39m[33m>[39m)[33m;[39m
     [90m   |[39m           [31m[1m^[22m[39m
     [90m 7 |[39m     
expect(screen[33m.[39mgetByText([32m'Transactions'[39m))[33m.[39mtoBeInTheDocument()[33m;[39m
     [90m 8 |[39m   })[33m;[39m
     [90m 9 |[39m })[33m;[39m[0m

      at createFiberFromTypeAndProps (node_modules/react-dom/cjs/react-dom-client.development.js:5021:28)
      at createFiberFromElement (node_modules/react-dom/cjs/react-dom-client.development.js:5035:14)
      at reconcileChildFibersImpl (node_modules/react-dom/cjs/react-dom-client.development.js:6920:31)
      at node_modules/react-dom/cjs/react-dom-client.development.js:7098:33
      at reconcileChildren (node_modules/react-dom/cjs/react-dom-client.development.js:9701:13)
      at beginWork (node_modules/react-dom/cjs/react-dom-client.development.js:12049:13)
      at runWithFiberInDEV (node_modules/react-dom/cjs/react-dom-client.development.js:874:13)
      at performUnitOfWork (node_modules/react-dom/cjs/react-dom-client.development.js:17641:22)
      at workLoopSync (node_modules/react-dom/cjs/react-dom-client.development.js:17469:41)
      at renderRootSync (node_modules/react-dom/cjs/react-dom-client.development.js:17450:11)
      at performWorkOnRoot (node_modules/react-dom/cjs/react-dom-client.development.js:16583:35)
      at performWorkOnRootViaSchedulerTask (node_modules/react-dom/cjs/react-dom-client.development.js:18957:7)
      at flushActQueue (node_modules/react/cjs/react.development.js:590:34)
      at process.env.NODE_ENV.exports.act (node_modules/react/cjs/react.development.js:884:10)
      at node_modules/@testing-library/react/dist/act-compat.js:46:25
      at renderRoot (node_modules/@testing-library/react/dist/pure.js:189:26)
      at render (node_modules/@testing-library/react/dist/pure.js:291:10)
      at Object.<anonymous> (src/app/dashboard/transactions/__tests__/page.test.tsx:6:11)

PASS src/app/dashboard/settings/__tests__/page.test.tsx
FAIL src/app/dashboard/home/__tests__/page.test.tsx
  ΓùÅ Console

    console.error
      <DashboardHomePage> is an async Client Component. Only Server Components can be async at the moment. This error 
is often caused by accidentally adding `'use client'` to a module that was originally written for the server.

    [0m [90m 4 |[39m describe([32m'Simple Dashboard Pages'[39m[33m,[39m () [33m=>[39m {
     [90m 5 |[39m   it([32m'renders Dashboard Home'[39m[33m,[39m () [33m=>[39m {
    [31m[1m>[22m[39m[90m 6 |[39m     render([33m<[39m[33mPage[39m [33m/[39m[33m>[39m)[33m;[39m
     [90m   |[39m           [31m[1m^[22m[39m
     [90m 7 |[39m     expect(screen[33m.[39mgetByText([35m/Welcome 
Back/i[39m))[33m.[39mtoBeInTheDocument()[33m;[39m
     [90m 8 |[39m   })[33m;[39m
     [90m 9 |[39m })[33m;[39m[0m

      at renderWithHooks (node_modules/react-dom/cjs/react-dom-client.development.js:7645:21)
      at updateFunctionComponent (node_modules/react-dom/cjs/react-dom-client.development.js:10166:19)
      at beginWork (node_modules/react-dom/cjs/react-dom-client.development.js:11778:18)
      at runWithFiberInDEV (node_modules/react-dom/cjs/react-dom-client.development.js:874:13)
      at performUnitOfWork (node_modules/react-dom/cjs/react-dom-client.development.js:17641:22)
      at workLoopSync (node_modules/react-dom/cjs/react-dom-client.development.js:17469:41)
      at renderRootSync (node_modules/react-dom/cjs/react-dom-client.development.js:17450:11)
      at performWorkOnRoot (node_modules/react-dom/cjs/react-dom-client.development.js:16504:11)
      at performWorkOnRootViaSchedulerTask (node_modules/react-dom/cjs/react-dom-client.development.js:18957:7)
      at flushActQueue (node_modules/react/cjs/react.development.js:590:34)
      at process.env.NODE_ENV.exports.act (node_modules/react/cjs/react.development.js:884:10)
      at node_modules/@testing-library/react/dist/act-compat.js:46:25
      at renderRoot (node_modules/@testing-library/react/dist/pure.js:189:26)
      at render (node_modules/@testing-library/react/dist/pure.js:291:10)
      at Object.<anonymous> (src/app/dashboard/home/__tests__/page.test.tsx:6:11)

    console.error
      A suspended resource finished loading inside a test, but the event was not wrapped in act(...).
      
      When testing, code that resolves suspended data should be wrapped into act(...):
      
      act(() => {
        /* finish loading suspended data */
      });
      /* assert on the output */
      
      This ensures that you're testing the behavior the user would see in the browser. Learn more at 
https://react.dev/link/wrap-tests-with-act

      at pingSuspendedRoot (node_modules/react-dom/cjs/react-dom-client.development.js:18600:17)

    console.error
      A component suspended inside an `act` scope, but the `act` call was not awaited. When testing React components 
that depend on asynchronous data, you must await the result:
      
      await act(() => ...)

      at node_modules/react/cjs/react.development.js:890:23

  ΓùÅ Simple Dashboard Pages ΓÇ║ renders Dashboard Home

    TestingLibraryElementError: Unable to find an element with the text: /Welcome Back/i. This could be because the 
text is broken up by multiple elements. In this case, you can provide a function for your text matcher to make your 
matcher more flexible.

    Ignored nodes: comments, script, style
    [36m<body>[39m
      [36m<div />[39m
    [36m</body>[39m

    [0m [90m  5 |[39m   it([32m'renders Dashboard Home'[39m[33m,[39m () [33m=>[39m {
     [90m  6 |[39m     render([33m<[39m[33mPage[39m [33m/[39m[33m>[39m)[33m;[39m
    [31m[1m>[22m[39m[90m  7 |[39m     expect(screen[33m.[39mgetByText([35m/Welcome 
Back/i[39m))[33m.[39mtoBeInTheDocument()[33m;[39m
     [90m    |[39m                   [31m[1m^[22m[39m
     [90m  8 |[39m   })[33m;[39m
     [90m  9 |[39m })[33m;[39m
     [90m 10 |[39m[0m

      at Object.getElementError (node_modules/@testing-library/dom/dist/config.js:37:19)
      at node_modules/@testing-library/dom/dist/query-helpers.js:76:38
      at node_modules/@testing-library/dom/dist/query-helpers.js:52:17
      at node_modules/@testing-library/dom/dist/query-helpers.js:95:19
      at Object.getByText (src/app/dashboard/home/__tests__/page.test.tsx:7:19)

PASS src/app/dashboard/admin/users/__tests__/page.test.tsx
  ΓùÅ Console

    console.error
      Each child in a list should have a unique "key" prop.
      
      Check the render method of `AllUsersPage`. See https://react.dev/link/warning-keys for more information.

      at node_modules/react-dom/cjs/react-dom-client.development.js:26084:21
      at runWithFiberInDEV (node_modules/react-dom/cjs/react-dom-client.development.js:874:13)
      at warnForMissingKey (node_modules/react-dom/cjs/react-dom-client.development.js:26083:11)
      at warnOnInvalidKey (node_modules/react-dom/cjs/react-dom-client.development.js:6591:13)
      at reconcileChildrenArray (node_modules/react-dom/cjs/react-dom-client.development.js:6672:31)
      at reconcileChildFibersImpl (node_modules/react-dom/cjs/react-dom-client.development.js:6993:30)
      at node_modules/react-dom/cjs/react-dom-client.development.js:7098:33
      at reconcileChildren (node_modules/react-dom/cjs/react-dom-client.development.js:9701:13)
      at beginWork (node_modules/react-dom/cjs/react-dom-client.development.js:12049:13)
      at runWithFiberInDEV (node_modules/react-dom/cjs/react-dom-client.development.js:874:13)
      at performUnitOfWork (node_modules/react-dom/cjs/react-dom-client.development.js:17641:22)
      at workLoopSync (node_modules/react-dom/cjs/react-dom-client.development.js:17469:41)
      at renderRootSync (node_modules/react-dom/cjs/react-dom-client.development.js:17450:11)
      at performWorkOnRoot (node_modules/react-dom/cjs/react-dom-client.development.js:16504:11)
      at performWorkOnRootViaSchedulerTask (node_modules/react-dom/cjs/react-dom-client.development.js:18957:7)
      at performWorkUntilDeadline (node_modules/scheduler/cjs/scheduler.development.js:45:48)

PASS src/app/dashboard/account/jastiper-upgrade/__tests__/page.test.tsx
PASS src/app/dashboard/orders/__tests__/page.test.tsx
FAIL src/app/dashboard/admin/__tests__/page.test.tsx
  ΓùÅ Console

    console.log
      [Admin] Users raw data: []

      at log (src/app/dashboard/admin/page.tsx:81:17)

    console.log
      [Admin] Users extracted: 0

      at log (src/app/dashboard/admin/page.tsx:90:19)

    console.log
      [Admin] Requests raw data: []

      at log (src/app/dashboard/admin/page.tsx:109:17)

    console.log
      [Admin] Topups raw data: []

      at log (src/app/dashboard/admin/page.tsx:150:17)

    console.log
      [Admin] Users raw data: { success: true }

      at log (src/app/dashboard/admin/page.tsx:81:17)

    console.log
      [Admin] Users extracted: 0

      at log (src/app/dashboard/admin/page.tsx:90:19)

    console.log
      [Admin] Requests raw data: { success: true }

      at log (src/app/dashboard/admin/page.tsx:109:17)

    console.log
      [Admin] Topups raw data: { success: true }

      at log (src/app/dashboard/admin/page.tsx:150:17)

  ΓùÅ AdminPortal 100% Final Strictly ΓÇ║ exhausts all user and request extraction branches

    Unable to find an element with the text: un1-unq. This could be because the text is broken up by multiple 
elements. In this case, you can provide a function for your text matcher to make your matcher more flexible.

    Ignored nodes: comments, script, style
    [36m<body>[39m
      [36m<div>[39m
        [36m<div[39m
          [33mclass[39m=[32m"p-8 max-w-7xl mx-auto text-black"[39m
        [36m>[39m
          [36m<div[39m
            [33manimate[39m=[32m"[object Object]"[39m
            [33mclass[39m=[32m"mb-12"[39m
            [33minitial[39m=[32m"[object Object]"[39m
          [36m>[39m
            [36m<div[39m
              [33mclass[39m=[32m"flex items-center gap-4 mb-2"[39m
            [36m>[39m
              [36m<div[39m
                [33mclass[39m=[32m"bg-purple-400 border-4 border-black p-2 shadow-[4px_4px_0px_0px_#000]"[39m
              [36m>[39m
                [36m<svg[39m
                  [33mdata-testid[39m=[32m"icon"[39m
                  [33msize[39m=[32m"32"[39m
                [36m/>[39m
              [36m</div>[39m
              [36m<h1[39m
                [33mclass[39m=[32m"text-5xl font-black uppercase italic tracking-tighter"[39m
              [36m>[39m
                [0mAdmin Dashboard[0m
              [36m</h1>[39m
            [36m</div>[39m
          [36m</div>[39m
          [36m<div[39m
            [33mclass[39m=[32m"flex flex-wrap gap-4 mb-12"[39m
          [36m>[39m
            [36m<button[39m
              [33mclass[39m=[32m"flex items-center gap-2 px-6 py-3 font-black uppercase italic border-4 
border-black transition-all bg-white shadow-[4px_4px_0px_0px_#000] hover:translate-x-[-2px] hover:translate-y-[-2px] 
hover:shadow-[6px_6px_0px_0px_#000]"[39m
            [36m>[39m
              [36m<svg[39m
                [33mdata-testid[39m=[32m"icon"[39m
                [33msize[39m=[32m"20"[39m
              [36m/>[39m
              [0m [0m
              [0mOverview[0m
            [36m</button>[39m
            [36m<button[39m
              [33mclass[39m=[32m"flex items-center gap-2 px-6 py-3 font-black uppercase italic border-4 
border-black transition-all bg-purple-400 translate-x-1 translate-y-1 shadow-none"[39m
            [36m>[39m
              [36m<svg[39m
                [33mdata-testid[39m=[32m"icon"[39m
                [33msize[39m=[32m"20"[39m
              [36m/>[39m
              [0m [0m
              [0mUser Registry[0m
            [36m</button>[39m
            [36m<button[39m
              [33mclass[39m=[32m"flex items-center gap-2 px-6 py-3 font-black uppercase italic border-4 
border-black transition-all bg-white shadow-[4px_4px_0px_0px_#000] hover:translate-x-[-2px] hover:translate-y-[-2px] 
hover:shadow-[6px_6px_0px_0px_#000]"[39m
            [36m>[39m
              [36m<svg[39m
                [33mdata-testid[39m=[32m"icon"[39m
                [33msize[39m=[32m"20"[39m
              [36m/>[39m
              [0m [0m
              [0mUpgrade Requests (0)[0m
            [36m</button>[39m
            [36m<button[39m
              [33mclass[39m=[32m"flex items-center gap-2 px-6 py-3 font-black uppercase italic border-4 
border-black transition-all bg-white shadow-[4px_4px_0px_0px_#000] hover:translate-x-[-2px] hover:translate-y-[-2px] 
hover:shadow-[6px_6px_0px_0px_#000]"[39m
            [36m>[39m
              [36m<svg[39m
                [33mdata-testid[39m=[32m"icon"[39m
                [33msize[39m=[32m"20"[39m
              [36m/>[39m
              [0m [0m
              [0mPending Top-Ups (0)[0m
            [36m</button>[39m
          [36m</div>[39m
          [36m<div[39m
            [33mclass[39m=[32m"min-h-[400px]"[39m
          [36m>[39m
            [36m<div[39m
              [33manimate[39m=[32m"[object Object]"[39m
              [33mclass[39m=[32m"overflow-x-auto border-4 border-black shadow-[8px_8px_0px_0px_#000]"[39m
              [33minitial[39m=[32m"[object Object]"[39m
            [36m>[39m
              [36m<table[39m
                [33mclass[39m=[32m"w-full text-left border-collapse bg-white"[39m
              [36m>[39m
                [36m<thead[39m
                  [33mclass[39m=[32m"bg-black text-white uppercase italic font-black"[39m
                [36m>[39m
                  [36m<tr>[39m
                    [36m<th[39m
                      [33mclass[39m=[32m"p-4 border-b-4 border-black"[39m
                    [36m>[39m
                      [0mUser Identity[0m
                    [36m</th>[39m
                    [36m<th[39m
                      [33mclass[39m=[32m"p-4 border-b-4 border-black"[39m
                    [36m>[39m
                      [0mRole[0m
                    [36m</th>[39m
                    [36m<th[39m
                      [33mclass[39m=[32m"p-4 border-b-4 border-black"[39m
                    [36m>[39m
                      [0mStatus[0m
                    [36m</th>[39m
                    [36m<th[39m
                      [33mclass[39m=[32m"p-4 border-b-4 border-black text-right"[39m
                    [36m>[39m
                      [0mActions[0m
                    [36m</th>[39m
                  [36m</tr>[39m
                [36m</thead>[39m
                [36m<tbody[39m
                  [33mclass[39m=[32m"font-bold"[39m
                [36m/>[39m
              [36m</table>[39m
            [36m</div>[39m
          [36m</div>[39m
        [36m</div>[39m
      [36m</div>[39m
    [36m</body>[39m

    [0m [90m 64 |[39m     [36mawait[39m act([36masync[39m () [33m=>[39m {})[33m;[39m
     [90m 65 |[39m     [36mawait[39m act([36masync[39m () [33m=>[39m { 
fireEvent[33m.[39mclick(screen[33m.[39mgetByText([35m/User Registry/i[39m))[33m;[39m })[33m;[39m
    [31m[1m>[22m[39m[90m 66 |[39m     expect([36mawait[39m 
screen[33m.[39mfindByText([32m'un1-unq'[39m))[33m.[39mtoBeInTheDocument()[33m;[39m
     [90m    |[39m                         [31m[1m^[22m[39m
     [90m 67 |[39m     cleanup()[33m;[39m
     [90m 68 |[39m
     [90m 69 |[39m     [90m// Path 2: getUsers fail -> fallback (Line 62 else)[39m[0m

      at waitForWrapper (node_modules/@testing-library/dom/dist/wait-for.js:163:27)
      at node_modules/@testing-library/dom/dist/query-helpers.js:86:33
      at Object.findByText (src/app/dashboard/admin/__tests__/page.test.tsx:66:25)

  ΓùÅ AdminPortal 100% Final Strictly ΓÇ║ exhausts handleRequestAction branches strictly

    TestingLibraryElementError: Unable to find an element with the text: APPROVE. This could be because the text is 
broken up by multiple elements. In this case, you can provide a function for your text matcher to make your matcher 
more flexible.

    Ignored nodes: comments, script, style
    [36m<body>[39m
      [36m<div>[39m
        [36m<div[39m
          [33mclass[39m=[32m"p-8 max-w-7xl mx-auto text-black"[39m
        [36m>[39m
          [36m<div[39m
            [33manimate[39m=[32m"[object Object]"[39m
            [33mclass[39m=[32m"mb-12"[39m
            [33minitial[39m=[32m"[object Object]"[39m
          [36m>[39m
            [36m<div[39m
              [33mclass[39m=[32m"flex items-center gap-4 mb-2"[39m
            [36m>[39m
              [36m<div[39m
                [33mclass[39m=[32m"bg-purple-400 border-4 border-black p-2 shadow-[4px_4px_0px_0px_#000]"[39m
              [36m>[39m
                [36m<svg[39m
                  [33mdata-testid[39m=[32m"icon"[39m
                  [33msize[39m=[32m"32"[39m
                [36m/>[39m
              [36m</div>[39m
              [36m<h1[39m
                [33mclass[39m=[32m"text-5xl font-black uppercase italic tracking-tighter"[39m
              [36m>[39m
                [0mAdmin Dashboard[0m
              [36m</h1>[39m
            [36m</div>[39m
          [36m</div>[39m
          [36m<div[39m
            [33mclass[39m=[32m"flex flex-wrap gap-4 mb-12"[39m
          [36m>[39m
            [36m<button[39m
              [33mclass[39m=[32m"flex items-center gap-2 px-6 py-3 font-black uppercase italic border-4 
border-black transition-all bg-white shadow-[4px_4px_0px_0px_#000] hover:translate-x-[-2px] hover:translate-y-[-2px] 
hover:shadow-[6px_6px_0px_0px_#000]"[39m
            [36m>[39m
              [36m<svg[39m
                [33mdata-testid[39m=[32m"icon"[39m
                [33msize[39m=[32m"20"[39m
              [36m/>[39m
              [0m [0m
              [0mOverview[0m
            [36m</button>[39m
            [36m<button[39m
              [33mclass[39m=[32m"flex items-center gap-2 px-6 py-3 font-black uppercase italic border-4 
border-black transition-all bg-white shadow-[4px_4px_0px_0px_#000] hover:translate-x-[-2px] hover:translate-y-[-2px] 
hover:shadow-[6px_6px_0px_0px_#000]"[39m
            [36m>[39m
              [36m<svg[39m
                [33mdata-testid[39m=[32m"icon"[39m
                [33msize[39m=[32m"20"[39m
              [36m/>[39m
              [0m [0m
              [0mUser Registry[0m
            [36m</button>[39m
            [36m<button[39m
              [33mclass[39m=[32m"flex items-center gap-2 px-6 py-3 font-black uppercase italic border-4 
border-black transition-all bg-purple-400 translate-x-1 translate-y-1 shadow-none"[39m
            [36m>[39m
              [36m<svg[39m
                [33mdata-testid[39m=[32m"icon"[39m
                [33msize[39m=[32m"20"[39m
              [36m/>[39m
              [0m [0m
              [0mUpgrade Requests (0)[0m
            [36m</button>[39m
            [36m<button[39m
              [33mclass[39m=[32m"flex items-center gap-2 px-6 py-3 font-black uppercase italic border-4 
border-black transition-all bg-white shadow-[4px_4px_0px_0px_#000] hover:translate-x-[-2px] hover:translate-y-[-2px] 
hover:shadow-[6px_6px_0px_0px_#000]"[39m
            [36m>[39m
              [36m<svg[39m
                [33mdata-testid[39m=[32m"icon"[39m
                [33msize[39m=[32m"20"[39m
              [36m/>[39m
              [0m [0m
              [0mPending Top-Ups (0)[0m
            [36m</button>[39m
          [36m</div>[39m
          [36m<div[39m
            [33mclass[39m=[32m"min-h-[400px]"[39m
          [36m>[39m
            [36m<div[39m
              [33manimate[39m=[32m"[object Object]"[39m
              [33mclass[39m=[32m"space-y-6"[39m
              [33minitial[39m=[32m"[object Object]"[39m
            [36m>[39m
              [36m<div[39m
                [33mclass[39m=[32m"bg-white border-4 border-black p-12 text-center 
shadow-[8px_8px_0px_0px_#000]"[39m
              [36m>[39m
                [36m<p[39m
                  [33mclass[39m=[32m"text-2xl font-black uppercase italic text-gray-400"[39m
                [36m>[39m
                  [0mNo pending upgrade requests[0m
                [36m</p>[39m
              [36m</div>[39m
            [36m</div>[39m
          [36m</div>[39m
        [36m</div>[39m
      [36m</div>[39m
    [36m</body>[39m

    [0m [90m 100 |[39m     
     [90m 101 |[39m     [90m// APPROVE success (Line 178)[39m
    [31m[1m>[22m[39m[90m 102 |[39m     [36mawait[39m act([36masync[39m () [33m=>[39m { 
fireEvent[33m.[39mclick(screen[33m.[39mgetAllByText([32m'APPROVE'[39m)[[35m0[39m])[33m;[39m })[33m;[39m
     [90m     |[39m                                                    [31m[1m^[22m[39m
     [90m 103 |[39m     expect([36mawait[39m screen[33m.[39mfindByText([35m/Successfully 
approved/i[39m))[33m.[39mtoBeInTheDocument()[33m;[39m
     [90m 104 |[39m     [36mawait[39m act([36masync[39m () [33m=>[39m { 
jest[33m.[39mrunOnlyPendingTimers()[33m;[39m })[33m;[39m 
     [90m 105 |[39m     cleanup()[33m;[39m[0m

      at Object.getElementError (node_modules/@testing-library/dom/dist/config.js:37:19)
      at node_modules/@testing-library/dom/dist/query-helpers.js:76:38
      at node_modules/@testing-library/dom/dist/query-helpers.js:109:15
      at getAllByText (src/app/dashboard/admin/__tests__/page.test.tsx:102:52)
      at node_modules/@testing-library/react/dist/act-compat.js:47:24
      at process.env.NODE_ENV.exports.act (node_modules/react/cjs/react.development.js:814:22)
      at node_modules/@testing-library/react/dist/act-compat.js:46:25
      at Object.<anonymous> (src/app/dashboard/admin/__tests__/page.test.tsx:102:14)

PASS src/app/dashboard/admin/jastiper-requests/__tests__/page.test.tsx
  ΓùÅ Console

    console.log
      [RequestsPage] Raw data: { requests: [ { id: 'r1-unq', requesterUsername: 'un1-unq' } ] }

      at log (src/app/dashboard/admin/jastiper-requests/page.tsx:56:17)

    console.log
      [RequestsPage] Extracted: 1

      at log (src/app/dashboard/admin/jastiper-requests/page.tsx:65:17)

    console.log
      [RequestsPage] Normalized: 1

      at log (src/app/dashboard/admin/jastiper-requests/page.tsx:80:17)

    console.error
      Received `true` for a non-boolean attribute `layout`.
      
      If you want to write it to the DOM, pass a string instead: layout="true" or layout={value.toString()}.

      at validateProperty (node_modules/react-dom/cjs/react-dom-client.development.js:3070:27)
      at warnUnknownProperties (node_modules/react-dom/cjs/react-dom-client.development.js:3146:9)
      at validatePropertiesInDevelopment (node_modules/react-dom/cjs/react-dom-client.development.js:19868:9)
      at setInitialProperties (node_modules/react-dom/cjs/react-dom-client.development.js:20491:7)
      at completeWork (node_modules/react-dom/cjs/react-dom-client.development.js:12662:18)
      at runWithFiberInDEV (node_modules/react-dom/cjs/react-dom-client.development.js:874:13)
      at completeUnitOfWork (node_modules/react-dom/cjs/react-dom-client.development.js:17777:19)
      at performUnitOfWork (node_modules/react-dom/cjs/react-dom-client.development.js:17658:11)
      at workLoopSync (node_modules/react-dom/cjs/react-dom-client.development.js:17469:41)
      at renderRootSync (node_modules/react-dom/cjs/react-dom-client.development.js:17450:11)
      at performWorkOnRoot (node_modules/react-dom/cjs/react-dom-client.development.js:16504:11)
      at performWorkOnRootViaSchedulerTask (node_modules/react-dom/cjs/react-dom-client.development.js:18957:7)
      at flushActQueue (node_modules/react/cjs/react.development.js:590:34)
      at recursivelyFlushAsyncActWork (node_modules/react/cjs/react.development.js:566:13)
      at Immediate._onImmediate (node_modules/react/cjs/react.development.js:849:32)

    console.log
      [RequestsPage] Primary endpoint empty or failed, trying alternative...

      at log (src/app/dashboard/admin/jastiper-requests/page.tsx:44:17)

    console.log
      [RequestsPage] Raw data: [ { id: 'r2-unq', requesterUsername: 'un2-unq' } ]

      at log (src/app/dashboard/admin/jastiper-requests/page.tsx:56:17)

    console.log
      [RequestsPage] Extracted: 1

      at log (src/app/dashboard/admin/jastiper-requests/page.tsx:65:17)

    console.log
      [RequestsPage] Normalized: 1

      at log (src/app/dashboard/admin/jastiper-requests/page.tsx:80:17)

    console.log
      [RequestsPage] Primary endpoint empty or failed, trying alternative...

      at log (src/app/dashboard/admin/jastiper-requests/page.tsx:44:17)

    console.warn
      [RequestsPage] Fetch failed, using fallback.

    [0m [90m 81 |[39m         setRequests(normalized)[33m;[39m
     [90m 82 |[39m       } [36melse[39m {
    [31m[1m>[22m[39m[90m 83 |[39m         console[33m.[39mwarn([32m'[RequestsPage] Fetch failed, using 
fallback.'[39m)[33m;[39m
     [90m    |[39m                 [31m[1m^[22m[39m
     [90m 84 |[39m         [90m// Silent Fallback[39m
     [90m 85 |[39m         setRequests([
     [90m 86 |[39m           {[32m"id"[39m[33m:[39m[32m"1cdc422d-a5fe-4f89-8ccb-13b42335be51"[39m[33m,[39m[3
2m"createdAt"[39m[33m:[39m[32m"2026-02-28 05:48:45.457723+00"[39m[33m,[39m[32m"requesterUserId"[39m[33m:[39m
[32m"user-aaa"[39m[33m,[39m[32m"requesterUsername"[39m[33m:[39m[32m"aaa"[39m[33m,[39m[32m"fullName"[39m[
33m:[39m[32m"aaa aaa aaa"[39m[33m,[39m[32m"credential"[39m[33m:[39m[32m"123aaa"[39m[33m,[39m[32m"status"
[39m[33m:[39m[32m"PENDING"[39m}[33m,[39m[0m

      at warn (src/app/dashboard/admin/jastiper-requests/page.tsx:83:17)

    console.log
      [RequestsPage] Raw data: [ { id: 'r1-unq', requesterUsername: 'u1-unq' } ]

      at log (src/app/dashboard/admin/jastiper-requests/page.tsx:56:17)

    console.log
      [RequestsPage] Extracted: 1

      at log (src/app/dashboard/admin/jastiper-requests/page.tsx:65:17)

    console.log
      [RequestsPage] Normalized: 1

      at log (src/app/dashboard/admin/jastiper-requests/page.tsx:80:17)

    console.log
      [RequestsPage] Raw data: [ { id: 'r1-unq', requesterUsername: 'u1-unq' } ]

      at log (src/app/dashboard/admin/jastiper-requests/page.tsx:56:17)

    console.log
      [RequestsPage] Extracted: 1

      at log (src/app/dashboard/admin/jastiper-requests/page.tsx:65:17)

    console.log
      [RequestsPage] Normalized: 1

      at log (src/app/dashboard/admin/jastiper-requests/page.tsx:80:17)

    console.log
      [RequestsPage] Raw data: [ { id: 'r1-unq', requesterUsername: 'u1-unq' } ]

      at log (src/app/dashboard/admin/jastiper-requests/page.tsx:56:17)

    console.log
      [RequestsPage] Extracted: 1

      at log (src/app/dashboard/admin/jastiper-requests/page.tsx:65:17)

    console.log
      [RequestsPage] Normalized: 1

      at log (src/app/dashboard/admin/jastiper-requests/page.tsx:80:17)

    console.log
      [RequestsPage] Raw data: [ { id: 'r1-unq', requesterUsername: 'u1-unq' } ]

      at log (src/app/dashboard/admin/jastiper-requests/page.tsx:56:17)

    console.log
      [RequestsPage] Extracted: 1

      at log (src/app/dashboard/admin/jastiper-requests/page.tsx:65:17)

    console.log
      [RequestsPage] Normalized: 1

      at log (src/app/dashboard/admin/jastiper-requests/page.tsx:80:17)

PASS src/app/dashboard/__tests__/DashboardClient.test.tsx
PASS src/app/__tests__/page.test.tsx
PASS src/app/api/proxy/__tests__/route.test.ts
PASS src/app/api/auth/__tests__/routes.test.ts
PASS src/app/dashboard/marketplace/__tests__/page.test.tsx
PASS src/app/dashboard/catalogue/__tests__/page.test.tsx
PASS src/app/dashboard/account/__tests__/page.test.tsx
PASS src/app/__tests__/auth.test.tsx

Test Suites: 3 failed, 15 passed, 18 total
Tests:       4 failed, 48 passed, 52 total
Snapshots:   0 total
Time:        8.605 s
Ran all test suites.
